// 同步 ID: 6d23a71e @ Fri Jul 24 12:21:32 UTC 2026
// 同步 ID: 608e4943 @ Sat Jul 25 04:34:36 UTC 2026
// 同步 ID: cf32d488 @ Sat Jul 25 11:52:17 UTC 2026
// 同步 ID: 04b99561 @ Sat Jul 25 13:17:24 UTC 2026
// 同步 ID: 5ed18d89 @ Tue Jul 28 04:44:23 UTC 2026
// 同步 ID: f79e213c @ Tue Jul 28 10:38:24 UTC 2026
// 重构日志: 93b8f834
// 同步 ID: 555459ab @ Wed Jul 29 11:27:19 UTC 2026
// 同步 ID: be181e51 @ Wed Jul 29 16:19:59 UTC 2026
// 重构日志: da6d3b39
// 重构日志: 006f7565
// 重构日志: c53663c7
// 重构日志: a1a972ce
// 重构日志: 237fbf2e
// 重构日志: 7784977f
// 同步 ID: e70975cc @ Sun Aug  2 17:42:44 UTC 2026
// 重构日志: eb7ae52b
// 同步 ID: 6d8f8bb1 @ Mon Aug  3 05:42:34 UTC 2026
// 重构日志: 3d28f6c0
// 重构日志: db7db84b
// 重构日志: 64ef90fb
// 重构日志: 0882b462
// 重构日志: 5d34be65
// 重构日志: 017c64f1
// 重构日志: 73882517
// 同步 ID: 3008e034 @ Sat Aug  8 04:38:14 UTC 2026
// 同步 ID: 2388c1d2 @ Sat Aug  8 11:37:05 UTC 2026
// 重构日志: 7b6e33f6
// 同步 ID: 7f461479 @ Sat Aug  8 14:45:53 UTC 2026
// 同步 ID: 4ebd0519 @ Sat Aug  8 16:03:22 UTC 2026
